// Jest Snapshot v1, https://goo.gl/fbAQLP

exports[`parseCmsConfig should parse example config 1`] = `
Object {
  "associationRecordByName": Object {
    "field_asso_ref": Object {
      "cmsRecord": Object {
        "name": "field_asso_ref",
        "recordType": "field_asso_ref",
      },
      "referenceConfigPair": Array [
        Object {
          "compact": false,
          "displayFieldName": "_id",
          "label": "Field demo",
          "name": "field_demo",
          "reference": Object {
            "predicates": Array [],
            "targetCmsRecord": Object {
              "name": "field_demo",
              "recordType": "field_demo",
            },
            "type": "DirectReference",
          },
          "type": "reference",
          "validations": undefined,
        },
        Object {
          "compact": false,
          "displayFieldName": "_id",
          "label": "Asso ref demo",
          "name": "asso_ref_demo",
          "reference": Object {
            "predicates": Array [],
            "targetCmsRecord": Object {
              "name": "asso_ref_demo",
              "recordType": "asso_ref_demo",
            },
            "type": "DirectReference",
          },
          "type": "reference",
          "validations": undefined,
        },
      ],
    },
  },
  "defaultSettings": Object {
    "timezone": "Asia/Hong_Kong",
  },
  "fileImport": Object {
    "enabled": true,
  },
  "pushNotifications": Object {
    "enabled": true,
    "filterUserConfigs": Array [
      Object {
        "label": "Name",
        "name": "name",
        "nullable": false,
        "type": "string",
      },
    ],
  },
  "records": Object {
    "asso_ref_demo": Object {
      "cmsRecord": Object {
        "name": "asso_ref_demo",
        "recordType": "asso_ref_demo",
      },
      "edit": undefined,
      "list": undefined,
      "new": undefined,
      "show": Object {
        "actions": Array [],
        "cmsRecord": Object {
          "name": "asso_ref_demo",
          "recordType": "asso_ref_demo",
        },
        "fields": Array [
          Object {
            "compact": false,
            "label": "ID",
            "name": "_id",
            "type": "text_display",
          },
          Object {
            "compact": false,
            "label": "Name",
            "name": "name",
            "type": "text_display",
            "validations": undefined,
          },
        ],
        "label": "Asso ref demo",
        "references": Array [],
      },
    },
    "back_ref_demo": Object {
      "cmsRecord": Object {
        "name": "back_ref_demo",
        "recordType": "back_ref_demo",
      },
      "edit": Object {
        "actions": Array [],
        "cmsRecord": Object {
          "name": "back_ref_demo",
          "recordType": "back_ref_demo",
        },
        "fields": Array [
          Object {
            "compact": false,
            "label": "ID",
            "name": "_id",
            "type": "text_display",
          },
          Object {
            "addButton": Object {
              "enabled": true,
              "label": "",
            },
            "compact": false,
            "defaultValue": undefined,
            "displayFieldName": "name",
            "editable": true,
            "label": "Reference",
            "name": "reference",
            "reference": Object {
              "predicates": Array [],
              "targetCmsRecord": Object {
                "name": "field_demo",
                "recordType": "field_demo",
              },
              "type": "DirectReference",
            },
            "type": "reference_dropdown",
            "validations": undefined,
          },
          Object {
            "compact": false,
            "defaultValue": undefined,
            "editable": true,
            "label": "Name",
            "name": "name",
            "type": "text_input",
            "validations": undefined,
          },
        ],
        "label": "Back ref demo",
        "references": Array [
          Object {
            "addButton": Object {
              "enabled": true,
              "label": "",
            },
            "compact": false,
            "defaultValue": undefined,
            "displayFieldName": "name",
            "editable": true,
            "label": "Reference",
            "name": "reference",
            "reference": Object {
              "predicates": Array [],
              "targetCmsRecord": Object {
                "name": "field_demo",
                "recordType": "field_demo",
              },
              "type": "DirectReference",
            },
            "type": "reference_dropdown",
            "validations": undefined,
          },
        ],
      },
      "list": undefined,
      "new": Object {
        "actions": Array [],
        "cmsRecord": Object {
          "name": "back_ref_demo",
          "recordType": "back_ref_demo",
        },
        "fields": Array [
          Object {
            "compact": false,
            "label": "ID",
            "name": "_id",
            "type": "text_display",
          },
          Object {
            "addButton": Object {
              "enabled": true,
              "label": "",
            },
            "compact": false,
            "defaultValue": undefined,
            "displayFieldName": "name",
            "editable": true,
            "label": "Reference",
            "name": "reference",
            "reference": Object {
              "predicates": Array [],
              "targetCmsRecord": Object {
                "name": "field_demo",
                "recordType": "field_demo",
              },
              "type": "DirectReference",
            },
            "type": "reference_dropdown",
            "validations": undefined,
          },
          Object {
            "compact": false,
            "defaultValue": undefined,
            "editable": true,
            "label": "Name",
            "name": "name",
            "type": "text_input",
            "validations": undefined,
          },
        ],
        "label": "Back ref demo",
        "references": Array [
          Object {
            "addButton": Object {
              "enabled": true,
              "label": "",
            },
            "compact": false,
            "defaultValue": undefined,
            "displayFieldName": "name",
            "editable": true,
            "label": "Reference",
            "name": "reference",
            "reference": Object {
              "predicates": Array [],
              "targetCmsRecord": Object {
                "name": "field_demo",
                "recordType": "field_demo",
              },
              "type": "DirectReference",
            },
            "type": "reference_dropdown",
            "validations": undefined,
          },
        ],
      },
      "show": Object {
        "actions": Array [
          Object {
            "href": "/record/{cmsRecord.name}/{record._id}/edit",
            "label": "Edit",
            "target": "",
            "type": "link",
          },
        ],
        "cmsRecord": Object {
          "name": "back_ref_demo",
          "recordType": "back_ref_demo",
        },
        "fields": Array [
          Object {
            "compact": false,
            "label": "ID",
            "name": "_id",
            "type": "text_display",
          },
          Object {
            "compact": false,
            "displayFieldName": "name",
            "label": "Reference",
            "name": "reference",
            "reference": Object {
              "predicates": Array [],
              "targetCmsRecord": Object {
                "name": "field_demo",
                "recordType": "field_demo",
              },
              "type": "DirectReference",
            },
            "type": "reference",
            "validations": undefined,
          },
          Object {
            "compact": false,
            "label": "Name",
            "name": "name",
            "type": "text_display",
            "validations": undefined,
          },
        ],
        "label": "Back ref demo",
        "references": Array [
          Object {
            "compact": false,
            "displayFieldName": "name",
            "label": "Reference",
            "name": "reference",
            "reference": Object {
              "predicates": Array [],
              "targetCmsRecord": Object {
                "name": "field_demo",
                "recordType": "field_demo",
              },
              "type": "DirectReference",
            },
            "type": "reference",
            "validations": undefined,
          },
        ],
      },
    },
    "field_demo": Object {
      "cmsRecord": Object {
        "name": "field_demo",
        "recordType": "field_demo",
      },
      "edit": Object {
        "actions": Array [],
        "cmsRecord": Object {
          "name": "field_demo",
          "recordType": "field_demo",
        },
        "fields": Array [
          Object {
            "compact": false,
            "label": "ID",
            "name": "_id",
            "type": "text_display",
          },
          Object {
            "compact": false,
            "label": "Created at",
            "name": "createdAt",
            "timezone": undefined,
            "type": "date_time_display",
          },
          Object {
            "compact": false,
            "label": "Updated at",
            "name": "updatedAt",
            "timezone": undefined,
            "type": "date_time_display",
          },
          Object {
            "compact": false,
            "defaultValue": undefined,
            "editable": true,
            "label": "Name",
            "name": "name",
            "type": "text_input",
            "validations": Array [
              Object {
                "expression": "not (value != null and substring(value, 0, 1) != \\"_\\") or (length(value) < 10)",
                "message": "Length should be smaller than 10.",
              },
              Object {
                "expression": "not (value != null) or (lower(value) not in (\\"admin\\", \\"god\\"))",
                "message": "Reserved name.",
              },
            ],
          },
          Object {
            "compact": false,
            "defaultValue": undefined,
            "editable": true,
            "label": "Textarea",
            "name": "textarea",
            "type": "text_area",
            "validations": undefined,
          },
          Object {
            "compact": false,
            "customOption": Object {
              "enabled": true,
              "label": "Others",
            },
            "defaultValue": "A",
            "editable": true,
            "label": "Dropdown",
            "name": "dropdown",
            "nullOption": Object {
              "enabled": false,
              "label": "Undefined",
            },
            "options": Array [
              Object {
                "label": "Option A",
                "value": "A",
              },
              Object {
                "label": "Option B",
                "value": "B",
              },
              Object {
                "label": "Option S",
                "value": "S",
              },
            ],
            "type": "dropdown",
            "validations": undefined,
          },
          Object {
            "compact": false,
            "config": undefined,
            "defaultValue": undefined,
            "editable": true,
            "label": "Wysiwyg",
            "name": "wysiwyg",
            "type": "wysiwyg",
            "validations": undefined,
          },
          Object {
            "compact": false,
            "datePicker": Object {
              "enabled": false,
              "format": undefined,
            },
            "defaultValue": undefined,
            "label": "Datetime",
            "name": "datetime",
            "timePicker": Object {
              "enabled": false,
              "format": undefined,
            },
            "timezone": undefined,
            "type": "date_time_picker",
            "validations": undefined,
          },
          Object {
            "compact": false,
            "defaultValue": undefined,
            "editable": true,
            "label": "Boolean",
            "name": "boolean",
            "type": "boolean",
            "validations": undefined,
          },
          Object {
            "compact": false,
            "defaultValue": undefined,
            "editable": true,
            "label": "Integer",
            "name": "integer",
            "type": "integer_input",
            "validations": undefined,
          },
          Object {
            "compact": false,
            "defaultValue": undefined,
            "editable": true,
            "label": "Number",
            "name": "number",
            "type": "float_input",
            "validations": undefined,
          },
          Object {
            "addButton": Object {
              "enabled": true,
              "label": "Create New Reference",
            },
            "compact": false,
            "defaultValue": undefined,
            "displayFieldName": "name",
            "editable": true,
            "label": "Reference",
            "name": "reference",
            "reference": Object {
              "predicates": Array [
                Object {
                  "name": "name",
                  "type": "not_equal_to",
                  "value": "",
                  "valueType": "json_value",
                },
              ],
              "targetCmsRecord": Object {
                "name": "ref_demo",
                "recordType": "ref_demo",
              },
              "type": "DirectReference",
            },
            "type": "reference_dropdown",
            "validations": undefined,
          },
          Object {
            "compact": false,
            "defaultValue": undefined,
            "displayFieldName": "name",
            "editable": true,
            "label": "Back refs",
            "name": "back_refs",
            "reference": Object {
              "predicates": Array [
                Object {
                  "name": "name",
                  "type": "not_equal_to",
                  "value": "",
                  "valueType": "json_value",
                },
              ],
              "sourceFieldName": "reference",
              "targetCmsRecord": Object {
                "name": "back_ref_demo",
                "recordType": "back_ref_demo",
              },
              "type": "ViaBackReference",
            },
            "type": "reference_select",
            "validations": undefined,
          },
          Object {
            "addButton": Object {
              "enabled": true,
            },
            "compact": false,
            "deleteButton": Object {
              "enabled": false,
            },
            "displayFields": Array [
              Object {
                "compact": false,
                "label": "ID",
                "name": "_id",
                "type": "text_display",
              },
              Object {
                "compact": false,
                "defaultValue": undefined,
                "editable": true,
                "label": "Name",
                "name": "name",
                "type": "text_input",
                "validations": undefined,
              },
            ],
            "editable": true,
            "label": "Back refs embedded",
            "name": "back_refs_embedded",
            "positionFieldName": "field_demo_position",
            "reference": Object {
              "predicates": Array [],
              "sourceFieldName": "reference",
              "targetCmsRecord": Object {
                "name": "back_ref_demo",
                "recordType": "back_ref_demo",
              },
              "type": "ViaBackReference",
            },
            "referenceDeleteAction": "nullify_reference",
            "references": Array [],
            "reorderEnabled": false,
            "sortOrder": "Asc",
            "type": "embedded_reference_list",
            "validations": undefined,
          },
          Object {
            "addButton": Object {
              "enabled": true,
            },
            "compact": false,
            "deleteButton": Object {
              "enabled": false,
            },
            "displayFields": Array [
              Object {
                "compact": false,
                "label": "ID",
                "name": "_id",
                "type": "text_display",
              },
              Object {
                "compact": false,
                "defaultValue": undefined,
                "editable": true,
                "label": "Name",
                "name": "name",
                "type": "text_input",
                "validations": undefined,
              },
            ],
            "editable": true,
            "label": "Asso refs embedded",
            "name": "asso_refs_embedded",
            "positionFieldName": undefined,
            "reference": Object {
              "associationRecordConfig": Object {
                "cmsRecord": Object {
                  "name": "field_asso_ref",
                  "recordType": "field_asso_ref",
                },
                "referenceConfigPair": Array [
                  Object {
                    "compact": false,
                    "displayFieldName": "_id",
                    "label": "Field demo",
                    "name": "field_demo",
                    "reference": Object {
                      "predicates": Array [],
                      "targetCmsRecord": Object {
                        "name": "field_demo",
                        "recordType": "field_demo",
                      },
                      "type": "DirectReference",
                    },
                    "type": "reference",
                    "validations": undefined,
                  },
                  Object {
                    "compact": false,
                    "displayFieldName": "_id",
                    "label": "Asso ref demo",
                    "name": "asso_ref_demo",
                    "reference": Object {
                      "predicates": Array [],
                      "targetCmsRecord": Object {
                        "name": "asso_ref_demo",
                        "recordType": "asso_ref_demo",
                      },
                      "type": "DirectReference",
                    },
                    "type": "reference",
                    "validations": undefined,
                  },
                ],
              },
              "predicates": Array [],
              "sourceReference": Object {
                "compact": false,
                "displayFieldName": "_id",
                "label": "Field demo",
                "name": "field_demo",
                "reference": Object {
                  "predicates": Array [],
                  "targetCmsRecord": Object {
                    "name": "field_demo",
                    "recordType": "field_demo",
                  },
                  "type": "DirectReference",
                },
                "type": "reference",
                "validations": undefined,
              },
              "targetReference": Object {
                "compact": false,
                "displayFieldName": "_id",
                "label": "Asso ref demo",
                "name": "asso_ref_demo",
                "reference": Object {
                  "predicates": Array [],
                  "targetCmsRecord": Object {
                    "name": "asso_ref_demo",
                    "recordType": "asso_ref_demo",
                  },
                  "type": "DirectReference",
                },
                "type": "reference",
                "validations": undefined,
              },
              "type": "ViaAssociationRecord",
            },
            "referenceDeleteAction": "nullify_reference",
            "references": Array [],
            "reorderEnabled": false,
            "sortOrder": "Asc",
            "type": "embedded_reference_list",
            "validations": undefined,
          },
          Object {
            "compact": false,
            "config": undefined,
            "editable": true,
            "label": "Imageasset",
            "name": "imageasset",
            "nullable": true,
            "type": "image_uploader",
            "validations": undefined,
          },
          Object {
            "accept": "",
            "compact": false,
            "editable": true,
            "label": "Fileasset",
            "name": "fileasset",
            "nullable": true,
            "type": "file_uploader",
            "validations": Array [
              Object {
                "expression": "(typeof(value) not in (\\"string\\", \\"array\\") or length(value) > 0) and value != null",
                "message": "Required field.",
              },
              Object {
                "expression": "not (value != null) or (regex(get(value, \\"content_type\\"), \\"^(image|video)\\"))",
                "message": undefined,
              },
            ],
          },
          Object {
            "compact": false,
            "defaultValue": false,
            "editable": true,
            "label": "Deleted",
            "name": "deleted",
            "type": "boolean",
            "validations": undefined,
          },
        ],
        "label": "Field demo",
        "references": Array [
          Object {
            "addButton": Object {
              "enabled": true,
              "label": "Create New Reference",
            },
            "compact": false,
            "defaultValue": undefined,
            "displayFieldName": "name",
            "editable": true,
            "label": "Reference",
            "name": "reference",
            "reference": Object {
              "predicates": Array [
                Object {
                  "name": "name",
                  "type": "not_equal_to",
                  "value": "",
                  "valueType": "json_value",
                },
              ],
              "targetCmsRecord": Object {
                "name": "ref_demo",
                "recordType": "ref_demo",
              },
              "type": "DirectReference",
            },
            "type": "reference_dropdown",
            "validations": undefined,
          },
          Object {
            "compact": false,
            "defaultValue": undefined,
            "displayFieldName": "name",
            "editable": true,
            "label": "Back refs",
            "name": "back_refs",
            "reference": Object {
              "predicates": Array [
                Object {
                  "name": "name",
                  "type": "not_equal_to",
                  "value": "",
                  "valueType": "json_value",
                },
              ],
              "sourceFieldName": "reference",
              "targetCmsRecord": Object {
                "name": "back_ref_demo",
                "recordType": "back_ref_demo",
              },
              "type": "ViaBackReference",
            },
            "type": "reference_select",
            "validations": undefined,
          },
          Object {
            "addButton": Object {
              "enabled": true,
            },
            "compact": false,
            "deleteButton": Object {
              "enabled": false,
            },
            "displayFields": Array [
              Object {
                "compact": false,
                "label": "ID",
                "name": "_id",
                "type": "text_display",
              },
              Object {
                "compact": false,
                "defaultValue": undefined,
                "editable": true,
                "label": "Name",
                "name": "name",
                "type": "text_input",
                "validations": undefined,
              },
            ],
            "editable": true,
            "label": "Back refs embedded",
            "name": "back_refs_embedded",
            "positionFieldName": "field_demo_position",
            "reference": Object {
              "predicates": Array [],
              "sourceFieldName": "reference",
              "targetCmsRecord": Object {
                "name": "back_ref_demo",
                "recordType": "back_ref_demo",
              },
              "type": "ViaBackReference",
            },
            "referenceDeleteAction": "nullify_reference",
            "references": Array [],
            "reorderEnabled": false,
            "sortOrder": "Asc",
            "type": "embedded_reference_list",
            "validations": undefined,
          },
          Object {
            "addButton": Object {
              "enabled": true,
            },
            "compact": false,
            "deleteButton": Object {
              "enabled": false,
            },
            "displayFields": Array [
              Object {
                "compact": false,
                "label": "ID",
                "name": "_id",
                "type": "text_display",
              },
              Object {
                "compact": false,
                "defaultValue": undefined,
                "editable": true,
                "label": "Name",
                "name": "name",
                "type": "text_input",
                "validations": undefined,
              },
            ],
            "editable": true,
            "label": "Asso refs embedded",
            "name": "asso_refs_embedded",
            "positionFieldName": undefined,
            "reference": Object {
              "associationRecordConfig": Object {
                "cmsRecord": Object {
                  "name": "field_asso_ref",
                  "recordType": "field_asso_ref",
                },
                "referenceConfigPair": Array [
                  Object {
                    "compact": false,
                    "displayFieldName": "_id",
                    "label": "Field demo",
                    "name": "field_demo",
                    "reference": Object {
                      "predicates": Array [],
                      "targetCmsRecord": Object {
                        "name": "field_demo",
                        "recordType": "field_demo",
                      },
                      "type": "DirectReference",
                    },
                    "type": "reference",
                    "validations": undefined,
                  },
                  Object {
                    "compact": false,
                    "displayFieldName": "_id",
                    "label": "Asso ref demo",
                    "name": "asso_ref_demo",
                    "reference": Object {
                      "predicates": Array [],
                      "targetCmsRecord": Object {
                        "name": "asso_ref_demo",
                        "recordType": "asso_ref_demo",
                      },
                      "type": "DirectReference",
                    },
                    "type": "reference",
                    "validations": undefined,
                  },
                ],
              },
              "predicates": Array [],
              "sourceReference": Object {
                "compact": false,
                "displayFieldName": "_id",
                "label": "Field demo",
                "name": "field_demo",
                "reference": Object {
                  "predicates": Array [],
                  "targetCmsRecord": Object {
                    "name": "field_demo",
                    "recordType": "field_demo",
                  },
                  "type": "DirectReference",
                },
                "type": "reference",
                "validations": undefined,
              },
              "targetReference": Object {
                "compact": false,
                "displayFieldName": "_id",
                "label": "Asso ref demo",
                "name": "asso_ref_demo",
                "reference": Object {
                  "predicates": Array [],
                  "targetCmsRecord": Object {
                    "name": "asso_ref_demo",
                    "recordType": "asso_ref_demo",
                  },
                  "type": "DirectReference",
                },
                "type": "reference",
                "validations": undefined,
              },
              "type": "ViaAssociationRecord",
            },
            "referenceDeleteAction": "nullify_reference",
            "references": Array [],
            "reorderEnabled": false,
            "sortOrder": "Asc",
            "type": "embedded_reference_list",
            "validations": undefined,
          },
        ],
      },
      "list": Object {
        "actions": Array [
          Object {
            "href": "/records/{cmsRecord.name}/new",
            "label": "Add",
            "target": "",
            "type": "link",
          },
          Object {
            "atomic": undefined,
            "label": "Import records",
            "name": "import-field-demo",
            "type": "import",
          },
          Object {
            "atomic": true,
            "label": "Import (Atomic)",
            "name": "import-field-demo",
            "type": "import",
          },
          Object {
            "atomic": undefined,
            "label": "Import with asset",
            "name": "import-asset-demo",
            "type": "import",
          },
          Object {
            "label": "Export records",
            "name": "export-field-demo",
            "type": "export",
          },
        ],
        "cmsRecord": Object {
          "name": "field_demo",
          "recordType": "field_demo",
        },
        "defaultSort": Object {
          "fieldName": "name",
          "order": "descending",
        },
        "fields": Array [
          Object {
            "compact": true,
            "label": "ID",
            "name": "_id",
            "type": "text_display",
          },
          Object {
            "compact": true,
            "label": "Created at",
            "name": "createdAt",
            "timezone": undefined,
            "type": "date_time_display",
          },
          Object {
            "compact": true,
            "label": "Updated at",
            "name": "updatedAt",
            "timezone": undefined,
            "type": "date_time_display",
          },
          Object {
            "compact": true,
            "label": "Name",
            "name": "name",
            "type": "text_display",
            "validations": undefined,
          },
          Object {
            "compact": true,
            "defaultValue": undefined,
            "label": "Textarea",
            "name": "textarea",
            "type": "text_area",
            "validations": undefined,
          },
          Object {
            "compact": true,
            "label": "Dropdown",
            "name": "dropdown",
            "type": "text_display",
            "validations": undefined,
          },
          Object {
            "compact": true,
            "config": undefined,
            "defaultValue": undefined,
            "label": "Wysiwyg",
            "name": "wysiwyg",
            "type": "wysiwyg",
            "validations": undefined,
          },
          Object {
            "compact": true,
            "dateTimeFormat": "YYYY-MM-DD HH:mm:ssZ",
            "label": "Datetime",
            "name": "datetime",
            "timezone": undefined,
            "type": "date_time_display",
            "validations": undefined,
          },
          Object {
            "compact": true,
            "defaultValue": undefined,
            "label": "Boolean",
            "name": "boolean",
            "type": "boolean",
            "validations": undefined,
          },
          Object {
            "compact": true,
            "label": "Integer",
            "name": "integer",
            "type": "integer_display",
            "validations": undefined,
          },
          Object {
            "compact": true,
            "label": "Number",
            "name": "number",
            "type": "float_display",
            "validations": undefined,
          },
          Object {
            "compact": true,
            "displayFieldName": "name",
            "label": "Reference",
            "name": "reference",
            "reference": Object {
              "predicates": Array [
                Object {
                  "name": "name",
                  "type": "not_equal_to",
                  "value": "",
                  "valueType": "json_value",
                },
              ],
              "targetCmsRecord": Object {
                "name": "ref_demo",
                "recordType": "ref_demo",
              },
              "type": "DirectReference",
            },
            "type": "reference",
            "validations": undefined,
          },
          Object {
            "compact": true,
            "displayFieldName": "name",
            "label": "Back refs",
            "name": "back_refs",
            "reference": Object {
              "predicates": Array [
                Object {
                  "name": "name",
                  "type": "not_equal_to",
                  "value": "",
                  "valueType": "json_value",
                },
              ],
              "sourceFieldName": "reference",
              "targetCmsRecord": Object {
                "name": "back_ref_demo",
                "recordType": "back_ref_demo",
              },
              "type": "ViaBackReference",
            },
            "type": "reference_list",
            "validations": undefined,
          },
          Object {
            "compact": true,
            "config": undefined,
            "label": "Imageasset",
            "name": "imageasset",
            "type": "image_display",
            "validations": undefined,
          },
          Object {
            "compact": true,
            "label": "Fileasset",
            "name": "fileasset",
            "type": "file_display",
            "validations": undefined,
          },
        ],
        "filters": Array [
          Object {
            "label": "ID",
            "name": "_id",
            "nullable": false,
            "type": "string",
          },
          Object {
            "dateTimeFormat": undefined,
            "label": "CreatedAt",
            "name": "_created_at",
            "nullable": false,
            "timezone": undefined,
            "type": "date_time",
          },
          Object {
            "dateTimeFormat": undefined,
            "label": "UpdatedAt",
            "name": "_updated_at",
            "nullable": false,
            "timezone": undefined,
            "type": "date_time",
          },
          Object {
            "label": "Name",
            "name": "name",
            "nullable": false,
            "type": "string",
          },
          Object {
            "dateTimeFormat": undefined,
            "label": "Datetime",
            "name": "datetime",
            "nullable": false,
            "timezone": undefined,
            "type": "date_time",
          },
          Object {
            "label": "Boolean",
            "name": "boolean",
            "nullable": false,
            "type": "boolean",
          },
          Object {
            "label": "Integer",
            "name": "integer",
            "nullable": false,
            "type": "number",
          },
          Object {
            "label": "Number",
            "name": "number",
            "nullable": false,
            "type": "number",
          },
          Object {
            "displayFieldName": "name",
            "label": "Reference",
            "name": "reference",
            "nullable": true,
            "predicates": Array [
              Object {
                "name": "name",
                "type": "not_equal_to",
                "value": "",
                "valueType": "json_value",
              },
            ],
            "targetCmsRecord": Object {
              "name": "ref_demo",
              "recordType": "ref_demo",
            },
            "type": "reference",
          },
        ],
        "itemActions": Array [
          Object {
            "href": "/record/{cmsRecord.name}/{record._id}",
            "label": "Show",
            "target": "",
            "type": "link",
          },
          Object {
            "href": "/record/{cmsRecord.name}/{record._id}/edit",
            "label": "Edit",
            "target": "",
            "type": "link",
          },
          Object {
            "href": "https://www.google.com/search?q={record.name}",
            "label": "Search",
            "target": "_blank",
            "type": "link",
          },
        ],
        "label": "Field demo",
        "perPage": 25,
        "predicates": Array [
          Object {
            "name": "deleted",
            "type": "not_equal_to",
            "value": true,
            "valueType": "json_value",
          },
        ],
        "references": Array [
          Object {
            "compact": true,
            "displayFieldName": "name",
            "label": "Reference",
            "name": "reference",
            "reference": Object {
              "predicates": Array [
                Object {
                  "name": "name",
                  "type": "not_equal_to",
                  "value": "",
                  "valueType": "json_value",
                },
              ],
              "targetCmsRecord": Object {
                "name": "ref_demo",
                "recordType": "ref_demo",
              },
              "type": "DirectReference",
            },
            "type": "reference",
            "validations": undefined,
          },
          Object {
            "compact": true,
            "displayFieldName": "name",
            "label": "Back refs",
            "name": "back_refs",
            "reference": Object {
              "predicates": Array [
                Object {
                  "name": "name",
                  "type": "not_equal_to",
                  "value": "",
                  "valueType": "json_value",
                },
              ],
              "sourceFieldName": "reference",
              "targetCmsRecord": Object {
                "name": "back_ref_demo",
                "recordType": "back_ref_demo",
              },
              "type": "ViaBackReference",
            },
            "type": "reference_list",
            "validations": undefined,
          },
        ],
      },
      "new": Object {
        "actions": Array [],
        "cmsRecord": Object {
          "name": "field_demo",
          "recordType": "field_demo",
        },
        "fields": Array [
          Object {
            "compact": false,
            "label": "ID",
            "name": "_id",
            "type": "text_display",
          },
          Object {
            "compact": false,
            "label": "Created at",
            "name": "createdAt",
            "timezone": undefined,
            "type": "date_time_display",
          },
          Object {
            "compact": false,
            "label": "Updated at",
            "name": "updatedAt",
            "timezone": undefined,
            "type": "date_time_display",
          },
          Object {
            "compact": false,
            "defaultValue": undefined,
            "editable": true,
            "label": "Name",
            "name": "name",
            "type": "text_input",
            "validations": undefined,
          },
          Object {
            "compact": false,
            "defaultValue": undefined,
            "editable": true,
            "label": "Textarea",
            "name": "textarea",
            "type": "text_area",
            "validations": undefined,
          },
          Object {
            "compact": false,
            "customOption": Object {
              "enabled": true,
              "label": "Others",
            },
            "defaultValue": "A",
            "editable": true,
            "label": "Dropdown",
            "name": "dropdown",
            "nullOption": Object {
              "enabled": false,
              "label": "Undefined",
            },
            "options": Array [
              Object {
                "label": "Option A",
                "value": "A",
              },
              Object {
                "label": "Option B",
                "value": "B",
              },
              Object {
                "label": "Option S",
                "value": "S",
              },
            ],
            "type": "dropdown",
            "validations": undefined,
          },
          Object {
            "compact": false,
            "config": undefined,
            "defaultValue": undefined,
            "editable": true,
            "label": "Wysiwyg",
            "name": "wysiwyg",
            "type": "wysiwyg",
            "validations": undefined,
          },
          Object {
            "compact": false,
            "datePicker": Object {
              "enabled": false,
              "format": undefined,
            },
            "defaultValue": undefined,
            "label": "Datetime",
            "name": "datetime",
            "timePicker": Object {
              "enabled": false,
              "format": undefined,
            },
            "timezone": undefined,
            "type": "date_time_picker",
            "validations": undefined,
          },
          Object {
            "compact": false,
            "defaultValue": undefined,
            "editable": true,
            "label": "Boolean",
            "name": "boolean",
            "type": "boolean",
            "validations": undefined,
          },
          Object {
            "compact": false,
            "defaultValue": undefined,
            "editable": true,
            "label": "Integer",
            "name": "integer",
            "type": "integer_input",
            "validations": undefined,
          },
          Object {
            "compact": false,
            "defaultValue": undefined,
            "editable": true,
            "label": "Number",
            "name": "number",
            "type": "float_input",
            "validations": undefined,
          },
          Object {
            "addButton": Object {
              "enabled": true,
              "label": "",
            },
            "compact": false,
            "defaultValue": undefined,
            "displayFieldName": "name",
            "editable": true,
            "label": "Reference",
            "name": "reference",
            "reference": Object {
              "predicates": Array [],
              "targetCmsRecord": Object {
                "name": "ref_demo",
                "recordType": "ref_demo",
              },
              "type": "DirectReference",
            },
            "type": "reference_dropdown",
            "validations": undefined,
          },
          Object {
            "compact": false,
            "defaultValue": undefined,
            "displayFieldName": "name",
            "editable": true,
            "label": "Back refs",
            "name": "back_refs",
            "reference": Object {
              "predicates": Array [],
              "sourceFieldName": "reference",
              "targetCmsRecord": Object {
                "name": "back_ref_demo",
                "recordType": "back_ref_demo",
              },
              "type": "ViaBackReference",
            },
            "type": "reference_select",
            "validations": undefined,
          },
          Object {
            "addButton": Object {
              "enabled": true,
            },
            "compact": false,
            "deleteButton": Object {
              "enabled": false,
            },
            "displayFields": Array [
              Object {
                "compact": false,
                "label": "ID",
                "name": "_id",
                "type": "text_display",
              },
              Object {
                "compact": false,
                "defaultValue": "it_works",
                "editable": true,
                "label": "Name",
                "name": "name",
                "type": "text_input",
                "validations": undefined,
              },
            ],
            "editable": true,
            "label": "Back refs embedded",
            "name": "back_refs_embedded",
            "positionFieldName": "field_demo_position",
            "reference": Object {
              "predicates": Array [],
              "sourceFieldName": "reference",
              "targetCmsRecord": Object {
                "name": "back_ref_demo",
                "recordType": "back_ref_demo",
              },
              "type": "ViaBackReference",
            },
            "referenceDeleteAction": "nullify_reference",
            "references": Array [],
            "reorderEnabled": false,
            "sortOrder": "Asc",
            "type": "embedded_reference_list",
            "validations": undefined,
          },
          Object {
            "addButton": Object {
              "enabled": true,
            },
            "compact": false,
            "deleteButton": Object {
              "enabled": false,
            },
            "displayFields": Array [
              Object {
                "compact": false,
                "label": "ID",
                "name": "_id",
                "type": "text_display",
              },
              Object {
                "compact": false,
                "defaultValue": "it_works_here_as_well",
                "editable": true,
                "label": "Name",
                "name": "name",
                "type": "text_input",
                "validations": undefined,
              },
            ],
            "editable": true,
            "label": "Asso refs embedded",
            "name": "asso_refs_embedded",
            "positionFieldName": undefined,
            "reference": Object {
              "associationRecordConfig": Object {
                "cmsRecord": Object {
                  "name": "field_asso_ref",
                  "recordType": "field_asso_ref",
                },
                "referenceConfigPair": Array [
                  Object {
                    "compact": false,
                    "displayFieldName": "_id",
                    "label": "Field demo",
                    "name": "field_demo",
                    "reference": Object {
                      "predicates": Array [],
                      "targetCmsRecord": Object {
                        "name": "field_demo",
                        "recordType": "field_demo",
                      },
                      "type": "DirectReference",
                    },
                    "type": "reference",
                    "validations": undefined,
                  },
                  Object {
                    "compact": false,
                    "displayFieldName": "_id",
                    "label": "Asso ref demo",
                    "name": "asso_ref_demo",
                    "reference": Object {
                      "predicates": Array [],
                      "targetCmsRecord": Object {
                        "name": "asso_ref_demo",
                        "recordType": "asso_ref_demo",
                      },
                      "type": "DirectReference",
                    },
                    "type": "reference",
                    "validations": undefined,
                  },
                ],
              },
              "predicates": Array [],
              "sourceReference": Object {
                "compact": false,
                "displayFieldName": "_id",
                "label": "Field demo",
                "name": "field_demo",
                "reference": Object {
                  "predicates": Array [],
                  "targetCmsRecord": Object {
                    "name": "field_demo",
                    "recordType": "field_demo",
                  },
                  "type": "DirectReference",
                },
                "type": "reference",
                "validations": undefined,
              },
              "targetReference": Object {
                "compact": false,
                "displayFieldName": "_id",
                "label": "Asso ref demo",
                "name": "asso_ref_demo",
                "reference": Object {
                  "predicates": Array [],
                  "targetCmsRecord": Object {
                    "name": "asso_ref_demo",
                    "recordType": "asso_ref_demo",
                  },
                  "type": "DirectReference",
                },
                "type": "reference",
                "validations": undefined,
              },
              "type": "ViaAssociationRecord",
            },
            "referenceDeleteAction": "nullify_reference",
            "references": Array [],
            "reorderEnabled": false,
            "sortOrder": "Asc",
            "type": "embedded_reference_list",
            "validations": undefined,
          },
          Object {
            "compact": false,
            "config": undefined,
            "editable": true,
            "label": "Imageasset",
            "name": "imageasset",
            "nullable": true,
            "type": "image_uploader",
            "validations": undefined,
          },
          Object {
            "accept": "",
            "compact": false,
            "editable": true,
            "label": "Fileasset",
            "name": "fileasset",
            "nullable": true,
            "type": "file_uploader",
            "validations": undefined,
          },
          Object {
            "compact": false,
            "defaultValue": false,
            "editable": true,
            "label": "Deleted",
            "name": "deleted",
            "type": "boolean",
            "validations": undefined,
          },
        ],
        "label": "Field demo",
        "references": Array [
          Object {
            "addButton": Object {
              "enabled": true,
              "label": "",
            },
            "compact": false,
            "defaultValue": undefined,
            "displayFieldName": "name",
            "editable": true,
            "label": "Reference",
            "name": "reference",
            "reference": Object {
              "predicates": Array [],
              "targetCmsRecord": Object {
                "name": "ref_demo",
                "recordType": "ref_demo",
              },
              "type": "DirectReference",
            },
            "type": "reference_dropdown",
            "validations": undefined,
          },
          Object {
            "compact": false,
            "defaultValue": undefined,
            "displayFieldName": "name",
            "editable": true,
            "label": "Back refs",
            "name": "back_refs",
            "reference": Object {
              "predicates": Array [],
              "sourceFieldName": "reference",
              "targetCmsRecord": Object {
                "name": "back_ref_demo",
                "recordType": "back_ref_demo",
              },
              "type": "ViaBackReference",
            },
            "type": "reference_select",
            "validations": undefined,
          },
          Object {
            "addButton": Object {
              "enabled": true,
            },
            "compact": false,
            "deleteButton": Object {
              "enabled": false,
            },
            "displayFields": Array [
              Object {
                "compact": false,
                "label": "ID",
                "name": "_id",
                "type": "text_display",
              },
              Object {
                "compact": false,
                "defaultValue": "it_works",
                "editable": true,
                "label": "Name",
                "name": "name",
                "type": "text_input",
                "validations": undefined,
              },
            ],
            "editable": true,
            "label": "Back refs embedded",
            "name": "back_refs_embedded",
            "positionFieldName": "field_demo_position",
            "reference": Object {
              "predicates": Array [],
              "sourceFieldName": "reference",
              "targetCmsRecord": Object {
                "name": "back_ref_demo",
                "recordType": "back_ref_demo",
              },
              "type": "ViaBackReference",
            },
            "referenceDeleteAction": "nullify_reference",
            "references": Array [],
            "reorderEnabled": false,
            "sortOrder": "Asc",
            "type": "embedded_reference_list",
            "validations": undefined,
          },
          Object {
            "addButton": Object {
              "enabled": true,
            },
            "compact": false,
            "deleteButton": Object {
              "enabled": false,
            },
            "displayFields": Array [
              Object {
                "compact": false,
                "label": "ID",
                "name": "_id",
                "type": "text_display",
              },
              Object {
                "compact": false,
                "defaultValue": "it_works_here_as_well",
                "editable": true,
                "label": "Name",
                "name": "name",
                "type": "text_input",
                "validations": undefined,
              },
            ],
            "editable": true,
            "label": "Asso refs embedded",
            "name": "asso_refs_embedded",
            "positionFieldName": undefined,
            "reference": Object {
              "associationRecordConfig": Object {
                "cmsRecord": Object {
                  "name": "field_asso_ref",
                  "recordType": "field_asso_ref",
                },
                "referenceConfigPair": Array [
                  Object {
                    "compact": false,
                    "displayFieldName": "_id",
                    "label": "Field demo",
                    "name": "field_demo",
                    "reference": Object {
                      "predicates": Array [],
                      "targetCmsRecord": Object {
                        "name": "field_demo",
                        "recordType": "field_demo",
                      },
                      "type": "DirectReference",
                    },
                    "type": "reference",
                    "validations": undefined,
                  },
                  Object {
                    "compact": false,
                    "displayFieldName": "_id",
                    "label": "Asso ref demo",
                    "name": "asso_ref_demo",
                    "reference": Object {
                      "predicates": Array [],
                      "targetCmsRecord": Object {
                        "name": "asso_ref_demo",
                        "recordType": "asso_ref_demo",
                      },
                      "type": "DirectReference",
                    },
                    "type": "reference",
                    "validations": undefined,
                  },
                ],
              },
              "predicates": Array [],
              "sourceReference": Object {
                "compact": false,
                "displayFieldName": "_id",
                "label": "Field demo",
                "name": "field_demo",
                "reference": Object {
                  "predicates": Array [],
                  "targetCmsRecord": Object {
                    "name": "field_demo",
                    "recordType": "field_demo",
                  },
                  "type": "DirectReference",
                },
                "type": "reference",
                "validations": undefined,
              },
              "targetReference": Object {
                "compact": false,
                "displayFieldName": "_id",
                "label": "Asso ref demo",
                "name": "asso_ref_demo",
                "reference": Object {
                  "predicates": Array [],
                  "targetCmsRecord": Object {
                    "name": "asso_ref_demo",
                    "recordType": "asso_ref_demo",
                  },
                  "type": "DirectReference",
                },
                "type": "reference",
                "validations": undefined,
              },
              "type": "ViaAssociationRecord",
            },
            "referenceDeleteAction": "nullify_reference",
            "references": Array [],
            "reorderEnabled": false,
            "sortOrder": "Asc",
            "type": "embedded_reference_list",
            "validations": undefined,
          },
        ],
      },
      "show": Object {
        "actions": Array [
          Object {
            "href": "/record/{cmsRecord.name}/{record._id}/edit",
            "label": "Edit",
            "target": "",
            "type": "link",
          },
        ],
        "cmsRecord": Object {
          "name": "field_demo",
          "recordType": "field_demo",
        },
        "fields": Array [
          Object {
            "compact": false,
            "label": "ID",
            "name": "_id",
            "type": "text_display",
          },
          Object {
            "compact": false,
            "label": "Created at",
            "name": "createdAt",
            "timezone": undefined,
            "type": "date_time_display",
          },
          Object {
            "compact": false,
            "label": "Updated at",
            "name": "updatedAt",
            "timezone": undefined,
            "type": "date_time_display",
          },
          Object {
            "compact": false,
            "label": "Name",
            "name": "name",
            "type": "text_display",
            "validations": undefined,
          },
          Object {
            "compact": false,
            "defaultValue": undefined,
            "label": "Textarea",
            "name": "textarea",
            "type": "text_area",
            "validations": undefined,
          },
          Object {
            "compact": false,
            "label": "Dropdown",
            "name": "dropdown",
            "type": "text_display",
            "validations": undefined,
          },
          Object {
            "compact": false,
            "config": undefined,
            "defaultValue": undefined,
            "label": "Wysiwyg",
            "name": "wysiwyg",
            "type": "wysiwyg",
            "validations": undefined,
          },
          Object {
            "compact": false,
            "dateTimeFormat": "YYYY-MM-DD HH:mm:ssZ",
            "label": "Datetime",
            "name": "datetime",
            "timezone": "America/New_York",
            "type": "date_time_display",
            "validations": undefined,
          },
          Object {
            "compact": false,
            "defaultValue": undefined,
            "label": "Boolean",
            "name": "boolean",
            "type": "boolean",
            "validations": undefined,
          },
          Object {
            "compact": false,
            "label": "Integer",
            "name": "integer",
            "type": "integer_display",
            "validations": undefined,
          },
          Object {
            "compact": false,
            "label": "Number",
            "name": "number",
            "type": "float_display",
            "validations": undefined,
          },
          Object {
            "compact": false,
            "displayFieldName": "name",
            "label": "Reference",
            "name": "reference",
            "reference": Object {
              "predicates": Array [
                Object {
                  "name": "name",
                  "type": "not_equal_to",
                  "value": "",
                  "valueType": "json_value",
                },
              ],
              "targetCmsRecord": Object {
                "name": "ref_demo",
                "recordType": "ref_demo",
              },
              "type": "DirectReference",
            },
            "type": "reference",
            "validations": undefined,
          },
          Object {
            "compact": false,
            "displayFieldName": "name",
            "label": "Back refs",
            "name": "back_refs",
            "reference": Object {
              "predicates": Array [
                Object {
                  "name": "name",
                  "type": "not_equal_to",
                  "value": "",
                  "valueType": "json_value",
                },
              ],
              "sourceFieldName": "reference",
              "targetCmsRecord": Object {
                "name": "back_ref_demo",
                "recordType": "back_ref_demo",
              },
              "type": "ViaBackReference",
            },
            "type": "reference_list",
            "validations": undefined,
          },
          Object {
            "compact": false,
            "displayFieldName": "name",
            "label": "Asso refs",
            "name": "asso_refs",
            "reference": Object {
              "associationRecordConfig": Object {
                "cmsRecord": Object {
                  "name": "field_asso_ref",
                  "recordType": "field_asso_ref",
                },
                "referenceConfigPair": Array [
                  Object {
                    "compact": false,
                    "displayFieldName": "_id",
                    "label": "Field demo",
                    "name": "field_demo",
                    "reference": Object {
                      "predicates": Array [],
                      "targetCmsRecord": Object {
                        "name": "field_demo",
                        "recordType": "field_demo",
                      },
                      "type": "DirectReference",
                    },
                    "type": "reference",
                    "validations": undefined,
                  },
                  Object {
                    "compact": false,
                    "displayFieldName": "_id",
                    "label": "Asso ref demo",
                    "name": "asso_ref_demo",
                    "reference": Object {
                      "predicates": Array [],
                      "targetCmsRecord": Object {
                        "name": "asso_ref_demo",
                        "recordType": "asso_ref_demo",
                      },
                      "type": "DirectReference",
                    },
                    "type": "reference",
                    "validations": undefined,
                  },
                ],
              },
              "predicates": Array [
                Object {
                  "name": "name",
                  "type": "not_equal_to",
                  "value": "",
                  "valueType": "json_value",
                },
              ],
              "sourceReference": Object {
                "compact": false,
                "displayFieldName": "_id",
                "label": "Field demo",
                "name": "field_demo",
                "reference": Object {
                  "predicates": Array [],
                  "targetCmsRecord": Object {
                    "name": "field_demo",
                    "recordType": "field_demo",
                  },
                  "type": "DirectReference",
                },
                "type": "reference",
                "validations": undefined,
              },
              "targetReference": Object {
                "compact": false,
                "displayFieldName": "_id",
                "label": "Asso ref demo",
                "name": "asso_ref_demo",
                "reference": Object {
                  "predicates": Array [],
                  "targetCmsRecord": Object {
                    "name": "asso_ref_demo",
                    "recordType": "asso_ref_demo",
                  },
                  "type": "DirectReference",
                },
                "type": "reference",
                "validations": undefined,
              },
              "type": "ViaAssociationRecord",
            },
            "type": "reference_list",
            "validations": undefined,
          },
          Object {
            "addButton": Object {
              "enabled": true,
            },
            "compact": false,
            "deleteButton": Object {
              "enabled": false,
            },
            "displayFields": Array [
              Object {
                "compact": false,
                "label": "ID",
                "name": "_id",
                "type": "text_display",
              },
              Object {
                "compact": false,
                "label": "Name",
                "name": "name",
                "type": "text_display",
                "validations": undefined,
              },
            ],
            "label": "Back refs embedded",
            "name": "back_refs_embedded",
            "positionFieldName": "field_demo_position",
            "reference": Object {
              "predicates": Array [],
              "sourceFieldName": "reference",
              "targetCmsRecord": Object {
                "name": "back_ref_demo",
                "recordType": "back_ref_demo",
              },
              "type": "ViaBackReference",
            },
            "referenceDeleteAction": "nullify_reference",
            "references": Array [],
            "reorderEnabled": false,
            "sortOrder": "Desc",
            "type": "embedded_reference_list",
            "validations": undefined,
          },
          Object {
            "addButton": Object {
              "enabled": true,
            },
            "compact": false,
            "deleteButton": Object {
              "enabled": false,
            },
            "displayFields": Array [
              Object {
                "compact": false,
                "label": "ID",
                "name": "_id",
                "type": "text_display",
              },
              Object {
                "compact": false,
                "label": "Name",
                "name": "name",
                "type": "text_display",
                "validations": undefined,
              },
            ],
            "label": "Asso refs embedded",
            "name": "asso_refs_embedded",
            "positionFieldName": undefined,
            "reference": Object {
              "associationRecordConfig": Object {
                "cmsRecord": Object {
                  "name": "field_asso_ref",
                  "recordType": "field_asso_ref",
                },
                "referenceConfigPair": Array [
                  Object {
                    "compact": false,
                    "displayFieldName": "_id",
                    "label": "Field demo",
                    "name": "field_demo",
                    "reference": Object {
                      "predicates": Array [],
                      "targetCmsRecord": Object {
                        "name": "field_demo",
                        "recordType": "field_demo",
                      },
                      "type": "DirectReference",
                    },
                    "type": "reference",
                    "validations": undefined,
                  },
                  Object {
                    "compact": false,
                    "displayFieldName": "_id",
                    "label": "Asso ref demo",
                    "name": "asso_ref_demo",
                    "reference": Object {
                      "predicates": Array [],
                      "targetCmsRecord": Object {
                        "name": "asso_ref_demo",
                        "recordType": "asso_ref_demo",
                      },
                      "type": "DirectReference",
                    },
                    "type": "reference",
                    "validations": undefined,
                  },
                ],
              },
              "predicates": Array [],
              "sourceReference": Object {
                "compact": false,
                "displayFieldName": "_id",
                "label": "Field demo",
                "name": "field_demo",
                "reference": Object {
                  "predicates": Array [],
                  "targetCmsRecord": Object {
                    "name": "field_demo",
                    "recordType": "field_demo",
                  },
                  "type": "DirectReference",
                },
                "type": "reference",
                "validations": undefined,
              },
              "targetReference": Object {
                "compact": false,
                "displayFieldName": "_id",
                "label": "Asso ref demo",
                "name": "asso_ref_demo",
                "reference": Object {
                  "predicates": Array [],
                  "targetCmsRecord": Object {
                    "name": "asso_ref_demo",
                    "recordType": "asso_ref_demo",
                  },
                  "type": "DirectReference",
                },
                "type": "reference",
                "validations": undefined,
              },
              "type": "ViaAssociationRecord",
            },
            "referenceDeleteAction": "nullify_reference",
            "references": Array [],
            "reorderEnabled": false,
            "sortOrder": "Asc",
            "type": "embedded_reference_list",
            "validations": undefined,
          },
          Object {
            "compact": false,
            "config": undefined,
            "label": "Imageasset",
            "name": "imageasset",
            "type": "image_display",
            "validations": undefined,
          },
          Object {
            "compact": false,
            "label": "Fileasset",
            "name": "fileasset",
            "type": "file_display",
            "validations": undefined,
          },
          Object {
            "compact": false,
            "defaultValue": undefined,
            "label": "Deleted",
            "name": "deleted",
            "type": "boolean",
            "validations": undefined,
          },
        ],
        "label": "Field demo",
        "references": Array [
          Object {
            "compact": false,
            "displayFieldName": "name",
            "label": "Reference",
            "name": "reference",
            "reference": Object {
              "predicates": Array [
                Object {
                  "name": "name",
                  "type": "not_equal_to",
                  "value": "",
                  "valueType": "json_value",
                },
              ],
              "targetCmsRecord": Object {
                "name": "ref_demo",
                "recordType": "ref_demo",
              },
              "type": "DirectReference",
            },
            "type": "reference",
            "validations": undefined,
          },
          Object {
            "compact": false,
            "displayFieldName": "name",
            "label": "Back refs",
            "name": "back_refs",
            "reference": Object {
              "predicates": Array [
                Object {
                  "name": "name",
                  "type": "not_equal_to",
                  "value": "",
                  "valueType": "json_value",
                },
              ],
              "sourceFieldName": "reference",
              "targetCmsRecord": Object {
                "name": "back_ref_demo",
                "recordType": "back_ref_demo",
              },
              "type": "ViaBackReference",
            },
            "type": "reference_list",
            "validations": undefined,
          },
          Object {
            "compact": false,
            "displayFieldName": "name",
            "label": "Asso refs",
            "name": "asso_refs",
            "reference": Object {
              "associationRecordConfig": Object {
                "cmsRecord": Object {
                  "name": "field_asso_ref",
                  "recordType": "field_asso_ref",
                },
                "referenceConfigPair": Array [
                  Object {
                    "compact": false,
                    "displayFieldName": "_id",
                    "label": "Field demo",
                    "name": "field_demo",
                    "reference": Object {
                      "predicates": Array [],
                      "targetCmsRecord": Object {
                        "name": "field_demo",
                        "recordType": "field_demo",
                      },
                      "type": "DirectReference",
                    },
                    "type": "reference",
                    "validations": undefined,
                  },
                  Object {
                    "compact": false,
                    "displayFieldName": "_id",
                    "label": "Asso ref demo",
                    "name": "asso_ref_demo",
                    "reference": Object {
                      "predicates": Array [],
                      "targetCmsRecord": Object {
                        "name": "asso_ref_demo",
                        "recordType": "asso_ref_demo",
                      },
                      "type": "DirectReference",
                    },
                    "type": "reference",
                    "validations": undefined,
                  },
                ],
              },
              "predicates": Array [
                Object {
                  "name": "name",
                  "type": "not_equal_to",
                  "value": "",
                  "valueType": "json_value",
                },
              ],
              "sourceReference": Object {
                "compact": false,
                "displayFieldName": "_id",
                "label": "Field demo",
                "name": "field_demo",
                "reference": Object {
                  "predicates": Array [],
                  "targetCmsRecord": Object {
                    "name": "field_demo",
                    "recordType": "field_demo",
                  },
                  "type": "DirectReference",
                },
                "type": "reference",
                "validations": undefined,
              },
              "targetReference": Object {
                "compact": false,
                "displayFieldName": "_id",
                "label": "Asso ref demo",
                "name": "asso_ref_demo",
                "reference": Object {
                  "predicates": Array [],
                  "targetCmsRecord": Object {
                    "name": "asso_ref_demo",
                    "recordType": "asso_ref_demo",
                  },
                  "type": "DirectReference",
                },
                "type": "reference",
                "validations": undefined,
              },
              "type": "ViaAssociationRecord",
            },
            "type": "reference_list",
            "validations": undefined,
          },
          Object {
            "addButton": Object {
              "enabled": true,
            },
            "compact": false,
            "deleteButton": Object {
              "enabled": false,
            },
            "displayFields": Array [
              Object {
                "compact": false,
                "label": "ID",
                "name": "_id",
                "type": "text_display",
              },
              Object {
                "compact": false,
                "label": "Name",
                "name": "name",
                "type": "text_display",
                "validations": undefined,
              },
            ],
            "label": "Back refs embedded",
            "name": "back_refs_embedded",
            "positionFieldName": "field_demo_position",
            "reference": Object {
              "predicates": Array [],
              "sourceFieldName": "reference",
              "targetCmsRecord": Object {
                "name": "back_ref_demo",
                "recordType": "back_ref_demo",
              },
              "type": "ViaBackReference",
            },
            "referenceDeleteAction": "nullify_reference",
            "references": Array [],
            "reorderEnabled": false,
            "sortOrder": "Desc",
            "type": "embedded_reference_list",
            "validations": undefined,
          },
          Object {
            "addButton": Object {
              "enabled": true,
            },
            "compact": false,
            "deleteButton": Object {
              "enabled": false,
            },
            "displayFields": Array [
              Object {
                "compact": false,
                "label": "ID",
                "name": "_id",
                "type": "text_display",
              },
              Object {
                "compact": false,
                "label": "Name",
                "name": "name",
                "type": "text_display",
                "validations": undefined,
              },
            ],
            "label": "Asso refs embedded",
            "name": "asso_refs_embedded",
            "positionFieldName": undefined,
            "reference": Object {
              "associationRecordConfig": Object {
                "cmsRecord": Object {
                  "name": "field_asso_ref",
                  "recordType": "field_asso_ref",
                },
                "referenceConfigPair": Array [
                  Object {
                    "compact": false,
                    "displayFieldName": "_id",
                    "label": "Field demo",
                    "name": "field_demo",
                    "reference": Object {
                      "predicates": Array [],
                      "targetCmsRecord": Object {
                        "name": "field_demo",
                        "recordType": "field_demo",
                      },
                      "type": "DirectReference",
                    },
                    "type": "reference",
                    "validations": undefined,
                  },
                  Object {
                    "compact": false,
                    "displayFieldName": "_id",
                    "label": "Asso ref demo",
                    "name": "asso_ref_demo",
                    "reference": Object {
                      "predicates": Array [],
                      "targetCmsRecord": Object {
                        "name": "asso_ref_demo",
                        "recordType": "asso_ref_demo",
                      },
                      "type": "DirectReference",
                    },
                    "type": "reference",
                    "validations": undefined,
                  },
                ],
              },
              "predicates": Array [],
              "sourceReference": Object {
                "compact": false,
                "displayFieldName": "_id",
                "label": "Field demo",
                "name": "field_demo",
                "reference": Object {
                  "predicates": Array [],
                  "targetCmsRecord": Object {
                    "name": "field_demo",
                    "recordType": "field_demo",
                  },
                  "type": "DirectReference",
                },
                "type": "reference",
                "validations": undefined,
              },
              "targetReference": Object {
                "compact": false,
                "displayFieldName": "_id",
                "label": "Asso ref demo",
                "name": "asso_ref_demo",
                "reference": Object {
                  "predicates": Array [],
                  "targetCmsRecord": Object {
                    "name": "asso_ref_demo",
                    "recordType": "asso_ref_demo",
                  },
                  "type": "DirectReference",
                },
                "type": "reference",
                "validations": undefined,
              },
              "type": "ViaAssociationRecord",
            },
            "referenceDeleteAction": "nullify_reference",
            "references": Array [],
            "reorderEnabled": false,
            "sortOrder": "Asc",
            "type": "embedded_reference_list",
            "validations": undefined,
          },
        ],
      },
    },
    "field_demo_deleted": Object {
      "cmsRecord": Object {
        "name": "field_demo_deleted",
        "recordType": "field_demo",
      },
      "edit": undefined,
      "list": Object {
        "actions": Array [],
        "cmsRecord": Object {
          "name": "field_demo_deleted",
          "recordType": "field_demo",
        },
        "defaultSort": Object {
          "fieldName": undefined,
          "order": "undefined",
        },
        "fields": Array [
          Object {
            "compact": true,
            "label": "ID",
            "name": "_id",
            "type": "text_display",
          },
          Object {
            "compact": true,
            "label": "Created at",
            "name": "createdAt",
            "timezone": undefined,
            "type": "date_time_display",
          },
          Object {
            "compact": true,
            "label": "Updated at",
            "name": "updatedAt",
            "timezone": undefined,
            "type": "date_time_display",
          },
          Object {
            "compact": true,
            "label": "Name",
            "name": "name",
            "type": "text_display",
            "validations": undefined,
          },
        ],
        "filters": undefined,
        "itemActions": Array [
          Object {
            "href": "/record/{cmsRecord.name}/{record._id}",
            "label": "Show",
            "target": "",
            "type": "link",
          },
        ],
        "label": "Field demo deleted",
        "perPage": 25,
        "predicates": Array [
          Object {
            "name": "deleted",
            "type": "equal_to",
            "value": true,
            "valueType": "json_value",
          },
        ],
        "references": Array [],
      },
      "new": undefined,
      "show": Object {
        "actions": Array [],
        "cmsRecord": Object {
          "name": "field_demo_deleted",
          "recordType": "field_demo",
        },
        "fields": Array [
          Object {
            "compact": false,
            "label": "ID",
            "name": "_id",
            "type": "text_display",
          },
          Object {
            "compact": false,
            "label": "Created at",
            "name": "createdAt",
            "timezone": undefined,
            "type": "date_time_display",
          },
          Object {
            "compact": false,
            "label": "Updated at",
            "name": "updatedAt",
            "timezone": undefined,
            "type": "date_time_display",
          },
          Object {
            "compact": false,
            "label": "Name",
            "name": "name",
            "type": "text_display",
            "validations": undefined,
          },
        ],
        "label": "Field demo deleted",
        "references": Array [],
      },
    },
    "ref_demo": Object {
      "cmsRecord": Object {
        "name": "ref_demo",
        "recordType": "ref_demo",
      },
      "edit": Object {
        "actions": Array [],
        "cmsRecord": Object {
          "name": "ref_demo",
          "recordType": "ref_demo",
        },
        "fields": Array [
          Object {
            "compact": false,
            "label": "ID",
            "name": "_id",
            "type": "text_display",
          },
          Object {
            "compact": false,
            "defaultValue": undefined,
            "editable": true,
            "label": "Name",
            "name": "name",
            "type": "text_input",
            "validations": undefined,
          },
          Object {
            "compact": false,
            "defaultValue": undefined,
            "displayFieldName": "name",
            "editable": true,
            "label": "Field demos",
            "name": "field_demos",
            "reference": Object {
              "predicates": Array [],
              "sourceFieldName": "reference",
              "targetCmsRecord": Object {
                "name": "field_demo",
                "recordType": "field_demo",
              },
              "type": "ViaBackReference",
            },
            "type": "reference_select",
            "validations": undefined,
          },
        ],
        "label": "Ref demo",
        "references": Array [
          Object {
            "compact": false,
            "defaultValue": undefined,
            "displayFieldName": "name",
            "editable": true,
            "label": "Field demos",
            "name": "field_demos",
            "reference": Object {
              "predicates": Array [],
              "sourceFieldName": "reference",
              "targetCmsRecord": Object {
                "name": "field_demo",
                "recordType": "field_demo",
              },
              "type": "ViaBackReference",
            },
            "type": "reference_select",
            "validations": undefined,
          },
        ],
      },
      "list": undefined,
      "new": Object {
        "actions": Array [],
        "cmsRecord": Object {
          "name": "ref_demo",
          "recordType": "ref_demo",
        },
        "fields": Array [
          Object {
            "compact": false,
            "label": "ID",
            "name": "_id",
            "type": "text_display",
          },
          Object {
            "compact": false,
            "defaultValue": undefined,
            "editable": true,
            "label": "Name",
            "name": "name",
            "type": "text_input",
            "validations": undefined,
          },
          Object {
            "compact": false,
            "defaultValue": undefined,
            "displayFieldName": "name",
            "editable": true,
            "label": "Field demos",
            "name": "field_demos",
            "reference": Object {
              "predicates": Array [],
              "sourceFieldName": "reference",
              "targetCmsRecord": Object {
                "name": "field_demo",
                "recordType": "field_demo",
              },
              "type": "ViaBackReference",
            },
            "type": "reference_select",
            "validations": undefined,
          },
        ],
        "label": "Ref demo",
        "references": Array [
          Object {
            "compact": false,
            "defaultValue": undefined,
            "displayFieldName": "name",
            "editable": true,
            "label": "Field demos",
            "name": "field_demos",
            "reference": Object {
              "predicates": Array [],
              "sourceFieldName": "reference",
              "targetCmsRecord": Object {
                "name": "field_demo",
                "recordType": "field_demo",
              },
              "type": "ViaBackReference",
            },
            "type": "reference_select",
            "validations": undefined,
          },
        ],
      },
      "show": Object {
        "actions": Array [
          Object {
            "href": "/record/{cmsRecord.name}/{record._id}/edit",
            "label": "Edit",
            "target": "",
            "type": "link",
          },
        ],
        "cmsRecord": Object {
          "name": "ref_demo",
          "recordType": "ref_demo",
        },
        "fields": Array [
          Object {
            "compact": false,
            "label": "ID",
            "name": "_id",
            "type": "text_display",
          },
          Object {
            "compact": false,
            "label": "Name",
            "name": "name",
            "type": "text_display",
            "validations": undefined,
          },
          Object {
            "compact": false,
            "displayFieldName": "name",
            "label": "Field references",
            "name": "field_references",
            "reference": Object {
              "predicates": Array [],
              "sourceFieldName": "reference",
              "targetCmsRecord": Object {
                "name": "field_demo",
                "recordType": "field_demo",
              },
              "type": "ViaBackReference",
            },
            "type": "reference_list",
            "validations": undefined,
          },
        ],
        "label": "Ref demo",
        "references": Array [
          Object {
            "compact": false,
            "displayFieldName": "name",
            "label": "Field references",
            "name": "field_references",
            "reference": Object {
              "predicates": Array [],
              "sourceFieldName": "reference",
              "targetCmsRecord": Object {
                "name": "field_demo",
                "recordType": "field_demo",
              },
              "type": "ViaBackReference",
            },
            "type": "reference_list",
            "validations": undefined,
          },
        ],
      },
    },
  },
  "site": Array [
    Object {
      "label": "USER",
      "type": "user_management",
    },
    Object {
      "label": "PUSH",
      "type": "push_notifications",
    },
    Object {
      "label": "FILE",
      "type": "file_import",
    },
    Object {
      "size": "medium",
      "type": "space",
    },
    Object {
      "label": "Field demo",
      "name": "field_demo",
      "type": "record",
    },
    Object {
      "label": "Field demo deleted",
      "name": "field_demo_deleted",
      "type": "record",
    },
    Object {
      "size": "large",
      "type": "space",
    },
  ],
  "userManagement": Object {
    "enabled": true,
    "verification": Object {
      "editable": false,
      "enabled": true,
      "fields": Array [
        Object {
          "editable": true,
          "label": "Email",
          "name": "email",
        },
        Object {
          "editable": true,
          "label": "Phone number",
          "name": "phone",
        },
      ],
    },
  },
}
`;
